// Jest Snapshot v1, https://goo.gl/fbAQLP

exports[`HomePage renders Matches snapshot 1`] = `
<h1>
  Hello 
</h1>
`;
